components/AgreementGenerator.tsx(8,36): error TS6133: 'collaborationRequestId' is declared but its value is never read.
components/AnalyticsDashboard.tsx(4,48): error TS6133: 'DollarSign' is declared but its value is never read.
components/AnalyticsDashboard.tsx(99,44): error TS6133: 'entry' is declared but its value is never read.
components/NegotiationWorkspace.tsx(9,38): error TS6133: 'collaborationRequestId' is declared but its value is never read.
components/NotificationsPanel.tsx(3,29): error TS6133: 'CardHeader' is declared but its value is never read.
components/NotificationsPanel.tsx(3,41): error TS6133: 'CardTitle' is declared but its value is never read.
components/NotificationsPanel.tsx(6,16): error TS6133: 'Check' is declared but its value is never read.
components/ProjectDetailModal.tsx(40,9): error TS2322: Type '{ projectId: number; projectTitle: string; onClose: () => void; onSuccess: () => void; }' is not assignable to type 'IntrinsicAttributes & { onSuccess?: (() => void) | undefined; }'.
  Property 'projectId' does not exist on type 'IntrinsicAttributes & { onSuccess?: (() => void) | undefined; }'.
components/ui/animated-primitives.tsx(3,21): error TS6133: 'useState' is declared but its value is never read.
components/ui/animated-primitives.tsx(7,34): error TS6133: 'direction' is declared but its value is never read.
